0 verbose cli C:\Program Files\nodejs\node.exe C:\Users\nikhi\AppData\Roaming\npm\node_modules\npm\bin\npm-cli.js
1 info using npm@11.19.1
2 info using node@v25.6.1
3 silly config load:file:C:\Users\nikhi\AppData\Roaming\npm\node_modules\npm\npmrc
4 silly config load:file:D:\LOGPARSER\.npmrc
5 silly config load:file:C:\Users\nikhi\.npmrc
6 silly config load:file:C:\Users\nikhi\AppData\Roaming\npm\etc\npmrc
7 verbose title npm create vite@latest ulpf-ui --template react-ts
8 verbose argv "create" "vite@latest" "ulpf-ui" "--" "--template" "react-ts"
9 verbose logfile logs-max:10 dir:D:\LOGPARSER\clean\_logs\2026-09-08T04_27_03_240Z-
10 verbose logfile D:\LOGPARSER\clean\_logs\2026-09-08T04_27_03_240Z-debug-0.log
11 silly logfile done cleaning log files
12 silly packumentCache heap:4496293888 maxSize:1124073472 maxEntrySize:562036736
13 http fetch GET 200 https://registry.npmjs.org/npm 454ms
14 http fetch GET 200 https://registry.npmjs.org/create-vite 574ms (cache miss)
15 silly packumentCache heap:4496293888 maxSize:1124073472 maxEntrySize:562036736
16 silly idealTree buildDeps
17 silly fetch manifest create-vite@9.2.0
18 silly packumentCache full:https://registry.npmjs.org/create-vite cache-miss
19 http fetch GET 200 https://registry.npmjs.org/create-vite 390ms (cache miss)
20 silly packumentCache full:https://registry.npmjs.org/create-vite set size:undefined disposed:false
21 silly placeDep ROOT create-vite@9.2.0 OK for:  want: 9.2.0
22 silly reify moves {}
23 silly audit bulk request { 'create-vite': [ '9.2.0' ] }
24 http cache create-vite@https://registry.npmjs.org/create-vite/-/create-vite-9.2.0.tgz 0ms (cache hit)
25 silly tarball no local data for create-vite@https://registry.npmjs.org/create-vite/-/create-vite-9.2.0.tgz. Extracting by manifest.
26 http fetch POST 200 https://registry.npmjs.org/-/npm/v1/security/advisories/bulk 378ms
27 silly audit report {}
28 http fetch GET 200 https://registry.npmjs.org/create-vite/-/create-vite-9.2.0.tgz 816ms (cache miss)
