0 verbose cli C:\Program Files\nodejs\node.exe C:\Users\nikhi\AppData\Roaming\npm\node_modules\npm\bin\npm-cli.js
1 info using npm@11.19.1
2 info using node@v25.6.1
3 silly config load:file:C:\Users\nikhi\AppData\Roaming\npm\node_modules\npm\npmrc
4 silly config load:file:D:\LOGPARSER\ulpf-ui\.npmrc
5 silly config load:file:C:\Users\nikhi\.npmrc
6 silly config load:file:C:\Users\nikhi\AppData\Roaming\npm\etc\npmrc
7 verbose title npm install
8 verbose argv "install"
9 verbose logfile logs-max:10 dir:D:\LOGPARSER\clean\_logs\2026-09-08T04_27_24_739Z-
10 verbose logfile D:\LOGPARSER\clean\_logs\2026-09-08T04_27_24_739Z-debug-0.log
11 silly logfile done cleaning log files
12 silly packumentCache heap:4496293888 maxSize:1124073472 maxEntrySize:562036736
13 silly idealTree buildDeps
14 silly fetch manifest react@^19.2.8
15 silly packumentCache full:https://registry.npmjs.org/react cache-miss
16 http fetch GET 200 https://registry.npmjs.org/react 841ms (cache miss)
17 silly packumentCache full:https://registry.npmjs.org/react set size:undefined disposed:false
18 silly fetch manifest react-dom@^19.2.8
19 silly packumentCache full:https://registry.npmjs.org/react-dom cache-miss
20 http fetch GET 200 https://registry.npmjs.org/react-dom 285ms (cache miss)
21 silly packumentCache full:https://registry.npmjs.org/react-dom set size:undefined disposed:false
22 silly fetch manifest @types/node@^24.13.3
23 silly packumentCache full:https://registry.npmjs.org/@types%2fnode cache-miss
24 http fetch GET 200 https://registry.npmjs.org/@types%2fnode 301ms (cache miss)
25 silly packumentCache full:https://registry.npmjs.org/@types%2fnode set size:undefined disposed:false
26 silly fetch manifest @types/react@^19.2.18
27 silly packumentCache full:https://registry.npmjs.org/@types%2freact cache-miss
28 http fetch GET 200 https://registry.npmjs.org/@types%2freact 172ms (cache miss)
29 silly packumentCache full:https://registry.npmjs.org/@types%2freact set size:undefined disposed:false
30 silly fetch manifest @types/react-dom@^19.2.4
31 silly packumentCache full:https://registry.npmjs.org/@types%2freact-dom cache-miss
32 http fetch GET 200 https://registry.npmjs.org/@types%2freact-dom 116ms (cache miss)
33 silly packumentCache full:https://registry.npmjs.org/@types%2freact-dom set size:undefined disposed:false
34 silly fetch manifest @vitejs/plugin-react@^6.1.0
35 silly packumentCache full:https://registry.npmjs.org/@vitejs%2fplugin-react cache-miss
36 http fetch GET 200 https://registry.npmjs.org/@vitejs%2fplugin-react 92ms (cache miss)
37 silly packumentCache full:https://registry.npmjs.org/@vitejs%2fplugin-react set size:undefined disposed:false
38 silly fetch manifest @rolldown/plugin-babel@^0.1.7 || ^0.2.0
39 silly packumentCache full:https://registry.npmjs.org/@rolldown%2fplugin-babel cache-miss
40 http fetch GET 200 https://registry.npmjs.org/@rolldown%2fplugin-babel 84ms (cache miss)
41 silly packumentCache full:https://registry.npmjs.org/@rolldown%2fplugin-babel set size:undefined disposed:false
42 silly fetch manifest @babel/core@^7.29.0 || ^8.0.0-rc.1
43 silly packumentCache full:https://registry.npmjs.org/@babel%2fcore cache-miss
44 http fetch GET 200 https://registry.npmjs.org/@babel%2fcore 104ms (cache miss)
45 silly packumentCache full:https://registry.npmjs.org/@babel%2fcore set size:undefined disposed:false
46 silly fetch manifest @babel/plugin-transform-runtime@^7.29.0 || ^8.0.0-rc.1
47 silly packumentCache full:https://registry.npmjs.org/@babel%2fplugin-transform-runtime cache-miss
48 http fetch GET 200 https://registry.npmjs.org/@babel%2fplugin-transform-runtime 155ms (cache miss)
49 silly packumentCache full:https://registry.npmjs.org/@babel%2fplugin-transform-runtime set size:undefined disposed:false
50 silly fetch manifest @babel/runtime@^7.27.0 || ^8.0.0-rc.1
51 silly packumentCache full:https://registry.npmjs.org/@babel%2fruntime cache-miss
52 http fetch GET 200 https://registry.npmjs.org/@babel%2fruntime 225ms (cache miss)
53 silly packumentCache full:https://registry.npmjs.org/@babel%2fruntime set size:undefined disposed:false
54 silly fetch manifest rolldown@^1.0.0-rc.5
55 silly packumentCache full:https://registry.npmjs.org/rolldown cache-miss
56 http fetch GET 200 https://registry.npmjs.org/rolldown 172ms (cache miss)
57 silly packumentCache full:https://registry.npmjs.org/rolldown set size:undefined disposed:false
58 silly fetch manifest vite@^8.2.2
59 silly packumentCache full:https://registry.npmjs.org/vite cache-miss
60 http fetch GET 200 https://registry.npmjs.org/vite 1520ms (cache miss)
61 silly packumentCache full:https://registry.npmjs.org/vite set size:undefined disposed:false
62 silly fetch manifest @vitejs/devtools@^0.4.0 || ^0.5.0
63 silly packumentCache full:https://registry.npmjs.org/@vitejs%2fdevtools cache-miss
64 http fetch GET 200 https://registry.npmjs.org/@vitejs%2fdevtools 93ms (cache miss)
65 silly packumentCache full:https://registry.npmjs.org/@vitejs%2fdevtools set size:undefined disposed:false
66 silly fetch manifest @vitejs/devtools-oxc@^0.5.2
67 silly packumentCache full:https://registry.npmjs.org/@vitejs%2fdevtools-oxc cache-miss
68 http fetch GET 200 https://registry.npmjs.org/@vitejs%2fdevtools-oxc 179ms (cache miss)
69 silly packumentCache full:https://registry.npmjs.org/@vitejs%2fdevtools-oxc set size:undefined disposed:false
70 silly fetch manifest @vitejs/devtools-rolldown@^0.5.2
71 silly packumentCache full:https://registry.npmjs.org/@vitejs%2fdevtools-rolldown cache-miss
72 http fetch GET 200 https://registry.npmjs.org/@vitejs%2fdevtools-rolldown 97ms (cache miss)
73 silly packumentCache full:https://registry.npmjs.org/@vitejs%2fdevtools-rolldown set size:undefined disposed:false
74 silly fetch manifest @vitejs/devtools-vite@^0.5.2
75 silly packumentCache full:https://registry.npmjs.org/@vitejs%2fdevtools-vite cache-miss
76 http fetch GET 200 https://registry.npmjs.org/@vitejs%2fdevtools-vite 86ms (cache miss)
77 silly packumentCache full:https://registry.npmjs.org/@vitejs%2fdevtools-vite set size:undefined disposed:false
78 silly fetch manifest @vitejs/devtools-vitest@^0.5.2
79 silly packumentCache full:https://registry.npmjs.org/@vitejs%2fdevtools-vitest cache-miss
80 http fetch GET 200 https://registry.npmjs.org/@vitejs%2fdevtools-vitest 124ms (cache miss)
81 silly packumentCache full:https://registry.npmjs.org/@vitejs%2fdevtools-vitest set size:undefined disposed:false
82 silly fetch manifest vitest@*
83 silly packumentCache full:https://registry.npmjs.org/vitest cache-miss
84 http fetch GET 200 https://registry.npmjs.org/vitest 178ms (cache miss)
85 silly packumentCache full:https://registry.npmjs.org/vitest set size:undefined disposed:false
86 silly fetch manifest @edge-runtime/vm@*
87 silly packumentCache full:https://registry.npmjs.org/@edge-runtime%2fvm cache-miss
88 http fetch GET 200 https://registry.npmjs.org/@edge-runtime%2fvm 106ms (cache miss)
89 silly packumentCache full:https://registry.npmjs.org/@edge-runtime%2fvm set size:undefined disposed:false
90 silly fetch manifest @opentelemetry/api@^1.9.0
91 silly packumentCache full:https://registry.npmjs.org/@opentelemetry%2fapi cache-miss
92 http fetch GET 200 https://registry.npmjs.org/@opentelemetry%2fapi 85ms (cache miss)
93 silly packumentCache full:https://registry.npmjs.org/@opentelemetry%2fapi set size:undefined disposed:false
94 silly fetch manifest @vitest/browser-playwright@4.1.11
95 silly packumentCache full:https://registry.npmjs.org/@vitest%2fbrowser-playwright cache-miss
96 http fetch GET 200 https://registry.npmjs.org/@vitest%2fbrowser-playwright 76ms (cache miss)
97 silly packumentCache full:https://registry.npmjs.org/@vitest%2fbrowser-playwright set size:undefined disposed:false
98 silly fetch manifest playwright@*
99 silly packumentCache full:https://registry.npmjs.org/playwright cache-miss
100 http fetch GET 200 https://registry.npmjs.org/playwright 539ms (cache miss)
101 silly packumentCache full:https://registry.npmjs.org/playwright set size:undefined disposed:false
102 silly fetch manifest @vitest/browser-preview@4.1.11
103 silly packumentCache full:https://registry.npmjs.org/@vitest%2fbrowser-preview cache-miss
104 http fetch GET 200 https://registry.npmjs.org/@vitest%2fbrowser-preview 176ms (cache miss)
105 silly packumentCache full:https://registry.npmjs.org/@vitest%2fbrowser-preview set size:undefined disposed:false
106 silly fetch manifest @vitest/browser-webdriverio@4.1.11
107 silly packumentCache full:https://registry.npmjs.org/@vitest%2fbrowser-webdriverio cache-miss
108 http fetch GET 200 https://registry.npmjs.org/@vitest%2fbrowser-webdriverio 183ms (cache miss)
109 silly packumentCache full:https://registry.npmjs.org/@vitest%2fbrowser-webdriverio set size:undefined disposed:false
110 silly fetch manifest webdriverio@*
111 silly packumentCache full:https://registry.npmjs.org/webdriverio cache-miss
112 http fetch GET 200 https://registry.npmjs.org/webdriverio 275ms (cache miss)
113 silly packumentCache full:https://registry.npmjs.org/webdriverio set size:undefined disposed:false
114 silly fetch manifest puppeteer-core@>=22.x <=24.x
115 silly packumentCache full:https://registry.npmjs.org/puppeteer-core cache-miss
116 http fetch GET 200 https://registry.npmjs.org/puppeteer-core 331ms (cache miss)
117 silly packumentCache full:https://registry.npmjs.org/puppeteer-core set size:undefined disposed:false
118 silly fetch manifest @vitest/coverage-istanbul@4.1.11
119 silly packumentCache full:https://registry.npmjs.org/@vitest%2fcoverage-istanbul cache-miss
120 http fetch GET 200 https://registry.npmjs.org/@vitest%2fcoverage-istanbul 167ms (cache miss)
121 silly packumentCache full:https://registry.npmjs.org/@vitest%2fcoverage-istanbul set size:undefined disposed:false
122 silly fetch manifest @vitest/coverage-v8@4.1.11
123 silly packumentCache full:https://registry.npmjs.org/@vitest%2fcoverage-v8 cache-miss
124 http fetch GET 200 https://registry.npmjs.org/@vitest%2fcoverage-v8 119ms (cache miss)
125 silly packumentCache full:https://registry.npmjs.org/@vitest%2fcoverage-v8 set size:undefined disposed:false
126 silly fetch manifest @vitest/browser@4.1.11
127 silly packumentCache full:https://registry.npmjs.org/@vitest%2fbrowser cache-miss
128 http fetch GET 200 https://registry.npmjs.org/@vitest%2fbrowser 363ms (cache miss)
129 silly packumentCache full:https://registry.npmjs.org/@vitest%2fbrowser set size:undefined disposed:false
130 silly fetch manifest @vitest/ui@4.1.11
131 silly packumentCache full:https://registry.npmjs.org/@vitest%2fui cache-miss
132 http fetch GET 200 https://registry.npmjs.org/@vitest%2fui 215ms (cache miss)
133 silly packumentCache full:https://registry.npmjs.org/@vitest%2fui set size:undefined disposed:false
134 silly fetch manifest happy-dom@*
135 silly packumentCache full:https://registry.npmjs.org/happy-dom cache-miss
136 http fetch GET 200 https://registry.npmjs.org/happy-dom 299ms (cache miss)
137 silly packumentCache full:https://registry.npmjs.org/happy-dom set size:undefined disposed:false
138 silly fetch manifest jsdom@*
139 silly packumentCache full:https://registry.npmjs.org/jsdom cache-miss
140 http fetch GET 200 https://registry.npmjs.org/jsdom 159ms (cache miss)
141 silly packumentCache full:https://registry.npmjs.org/jsdom set size:undefined disposed:false
142 silly fetch manifest canvas@^3.0.0
143 silly packumentCache full:https://registry.npmjs.org/canvas cache-miss
144 http fetch GET 200 https://registry.npmjs.org/canvas 90ms (cache miss)
145 silly packumentCache full:https://registry.npmjs.org/canvas set size:undefined disposed:false
146 silly fetch manifest esbuild@^0.27.0 || ^0.28.0
147 silly packumentCache full:https://registry.npmjs.org/esbuild cache-miss
148 http fetch GET 200 https://registry.npmjs.org/esbuild 214ms (cache miss)
149 silly packumentCache full:https://registry.npmjs.org/esbuild set size:undefined disposed:false
150 silly fetch manifest jiti@>=1.21.0
151 silly packumentCache full:https://registry.npmjs.org/jiti cache-miss
152 http fetch GET 200 https://registry.npmjs.org/jiti 95ms (cache miss)
153 silly packumentCache full:https://registry.npmjs.org/jiti set size:undefined disposed:false
154 silly fetch manifest less@^4.0.0
155 silly packumentCache full:https://registry.npmjs.org/less cache-miss
156 http fetch GET 200 https://registry.npmjs.org/less 206ms (cache miss)
157 silly packumentCache full:https://registry.npmjs.org/less set size:undefined disposed:false
158 silly fetch manifest sass@^1.70.0
159 silly packumentCache full:https://registry.npmjs.org/sass cache-miss
160 http fetch GET 200 https://registry.npmjs.org/sass 191ms (cache miss)
161 silly packumentCache full:https://registry.npmjs.org/sass set size:undefined disposed:false
162 silly fetch manifest sass-embedded@^1.70.0
163 silly packumentCache full:https://registry.npmjs.org/sass-embedded cache-miss
164 http fetch GET 200 https://registry.npmjs.org/sass-embedded 105ms (cache miss)
165 silly packumentCache full:https://registry.npmjs.org/sass-embedded set size:undefined disposed:false
166 silly fetch manifest stylus@>=0.54.8
167 silly packumentCache full:https://registry.npmjs.org/stylus cache-miss
168 http fetch GET 200 https://registry.npmjs.org/stylus 84ms (cache miss)
169 silly packumentCache full:https://registry.npmjs.org/stylus set size:undefined disposed:false
170 silly fetch manifest sugarss@^5.0.0
171 silly packumentCache full:https://registry.npmjs.org/sugarss cache-miss
172 http fetch GET 200 https://registry.npmjs.org/sugarss 76ms (cache miss)
173 silly packumentCache full:https://registry.npmjs.org/sugarss set size:undefined disposed:false
174 silly fetch manifest postcss@^8.3.3
175 silly packumentCache full:https://registry.npmjs.org/postcss cache-miss
176 http fetch GET 200 https://registry.npmjs.org/postcss 225ms (cache miss)
177 silly packumentCache full:https://registry.npmjs.org/postcss set size:undefined disposed:false
178 silly fetch manifest terser@^5.16.0
179 silly packumentCache full:https://registry.npmjs.org/terser cache-miss
180 http fetch GET 200 https://registry.npmjs.org/terser 181ms (cache miss)
181 silly packumentCache full:https://registry.npmjs.org/terser set size:undefined disposed:false
182 silly fetch manifest tsx@^4.8.1
183 silly packumentCache full:https://registry.npmjs.org/tsx cache-miss
184 http fetch GET 200 https://registry.npmjs.org/tsx 186ms (cache miss)
185 silly packumentCache full:https://registry.npmjs.org/tsx set size:undefined disposed:false
186 silly fetch manifest yaml@^2.4.2
187 silly packumentCache full:https://registry.npmjs.org/yaml cache-miss
188 http fetch GET 200 https://registry.npmjs.org/yaml 100ms (cache miss)
189 silly packumentCache full:https://registry.npmjs.org/yaml set size:undefined disposed:false
190 silly fetch manifest babel-plugin-react-compiler@^1.0.0
191 silly packumentCache full:https://registry.npmjs.org/babel-plugin-react-compiler cache-miss
192 http fetch GET 200 https://registry.npmjs.org/babel-plugin-react-compiler 202ms (cache miss)
193 silly packumentCache full:https://registry.npmjs.org/babel-plugin-react-compiler set size:undefined disposed:false
194 silly fetch manifest oxc-transform-react@^0.145.0
195 silly packumentCache full:https://registry.npmjs.org/oxc-transform-react cache-miss
196 http fetch GET 200 https://registry.npmjs.org/oxc-transform-react 176ms (cache miss)
197 silly packumentCache full:https://registry.npmjs.org/oxc-transform-react set size:undefined disposed:false
198 silly fetch manifest oxlint@^1.79.0
199 silly packumentCache full:https://registry.npmjs.org/oxlint cache-miss
200 http fetch GET 200 https://registry.npmjs.org/oxlint 106ms (cache miss)
201 silly packumentCache full:https://registry.npmjs.org/oxlint set size:undefined disposed:false
202 silly fetch manifest oxlint-tsgolint@>=7.0.2001
203 silly packumentCache full:https://registry.npmjs.org/oxlint-tsgolint cache-miss
204 http fetch GET 200 https://registry.npmjs.org/oxlint-tsgolint 98ms (cache miss)
205 silly packumentCache full:https://registry.npmjs.org/oxlint-tsgolint set size:undefined disposed:false
206 silly fetch manifest vite-plus@*
207 silly packumentCache full:https://registry.npmjs.org/vite-plus cache-miss
208 http fetch GET 200 https://registry.npmjs.org/vite-plus 107ms (cache miss)
209 silly packumentCache full:https://registry.npmjs.org/vite-plus set size:undefined disposed:false
210 silly fetch manifest vitest@4.1.11
211 silly packumentCache full:https://registry.npmjs.org/vitest cache-miss
212 http cache https://registry.npmjs.org/vitest 47ms (cache hit)
213 silly packumentCache full:https://registry.npmjs.org/vitest set size:2258303 disposed:false
214 silly fetch manifest typescript@~6.0.2
215 silly packumentCache full:https://registry.npmjs.org/typescript cache-miss
216 http fetch GET 200 https://registry.npmjs.org/typescript 615ms (cache miss)
217 silly packumentCache full:https://registry.npmjs.org/typescript set size:undefined disposed:false
218 silly placeDep ROOT @types/node@24.13.3 OK for: ulpf-ui@0.0.0 want: ^24.13.3
219 silly placeDep ROOT @types/react@19.2.18 OK for: ulpf-ui@0.0.0 want: ^19.2.18
220 silly placeDep ROOT @types/react-dom@19.2.7 OK for: ulpf-ui@0.0.0 want: ^19.2.4
221 silly placeDep ROOT @vitejs/plugin-react@6.1.1 OK for: ulpf-ui@0.0.0 want: ^6.1.0
222 silly placeDep ROOT vite@8.2.2 OK for: @vitejs/plugin-react@6.1.1 want: ^8.0.0
223 silly placeDep ROOT oxlint@1.82.0 OK for: ulpf-ui@0.0.0 want: ^1.79.0
224 silly placeDep ROOT react@19.2.8 OK for: ulpf-ui@0.0.0 want: ^19.2.8
225 silly placeDep ROOT react-dom@19.2.8 OK for: ulpf-ui@0.0.0 want: ^19.2.8
226 silly placeDep ROOT typescript@6.0.3 OK for: ulpf-ui@0.0.0 want: ~6.0.2
227 silly fetch manifest undici-types@~7.18.0
228 silly packumentCache full:https://registry.npmjs.org/undici-types cache-miss
229 silly fetch manifest csstype@^3.2.2
230 silly packumentCache full:https://registry.npmjs.org/csstype cache-miss
231 silly fetch manifest @rolldown/pluginutils@^1.0.1
232 silly packumentCache full:https://registry.npmjs.org/@rolldown%2fpluginutils cache-miss
233 silly fetch manifest postcss@^8.5.26
234 silly packumentCache full:https://registry.npmjs.org/postcss cache-miss
235 silly fetch manifest rolldown@~1.2.4
236 silly packumentCache full:https://registry.npmjs.org/rolldown cache-miss
237 silly fetch manifest picomatch@^4.0.5
238 silly packumentCache full:https://registry.npmjs.org/picomatch cache-miss
239 silly fetch manifest tinyglobby@^0.2.17
240 silly packumentCache full:https://registry.npmjs.org/tinyglobby cache-miss
241 silly fetch manifest lightningcss@^1.33.0
242 silly packumentCache full:https://registry.npmjs.org/lightningcss cache-miss
243 silly fetch manifest fsevents@~2.3.3
244 silly packumentCache full:https://registry.npmjs.org/fsevents cache-miss
245 silly fetch manifest @oxlint/binding-darwin-x64@1.82.0
246 silly packumentCache full:https://registry.npmjs.org/@oxlint%2fbinding-darwin-x64 cache-miss
247 silly fetch manifest @oxlint/binding-freebsd-x64@1.82.0
248 silly packumentCache full:https://registry.npmjs.org/@oxlint%2fbinding-freebsd-x64 cache-miss
249 silly fetch manifest @oxlint/binding-darwin-arm64@1.82.0
250 silly packumentCache full:https://registry.npmjs.org/@oxlint%2fbinding-darwin-arm64 cache-miss
251 silly fetch manifest @oxlint/binding-android-arm64@1.82.0
252 silly packumentCache full:https://registry.npmjs.org/@oxlint%2fbinding-android-arm64 cache-miss
253 silly fetch manifest @oxlint/binding-linux-x64-gnu@1.82.0
254 silly packumentCache full:https://registry.npmjs.org/@oxlint%2fbinding-linux-x64-gnu cache-miss
255 silly fetch manifest @oxlint/binding-linux-x64-musl@1.82.0
256 silly packumentCache full:https://registry.npmjs.org/@oxlint%2fbinding-linux-x64-musl cache-miss
257 http cache https://registry.npmjs.org/postcss 75ms (cache hit)
258 silly packumentCache full:https://registry.npmjs.org/postcss set size:766699 disposed:false
259 silly fetch manifest @oxlint/binding-win32-x64-msvc@1.82.0
260 silly packumentCache full:https://registry.npmjs.org/@oxlint%2fbinding-win32-x64-msvc cache-miss
261 http cache https://registry.npmjs.org/rolldown 93ms (cache hit)
262 silly packumentCache full:https://registry.npmjs.org/rolldown set size:3808254 disposed:false
263 silly fetch manifest @oxlint/binding-linux-arm64-gnu@1.82.0
264 silly packumentCache full:https://registry.npmjs.org/@oxlint%2fbinding-linux-arm64-gnu cache-miss
265 http fetch GET 200 https://registry.npmjs.org/undici-types 179ms (cache miss)
266 silly packumentCache full:https://registry.npmjs.org/undici-types set size:undefined disposed:false
267 silly fetch manifest @oxlint/binding-linux-ppc64-gnu@1.82.0
268 silly packumentCache full:https://registry.npmjs.org/@oxlint%2fbinding-linux-ppc64-gnu cache-miss
269 http fetch GET 200 https://registry.npmjs.org/tinyglobby 301ms (cache miss)
270 silly packumentCache full:https://registry.npmjs.org/tinyglobby set size:undefined disposed:false
271 silly fetch manifest @oxlint/binding-linux-s390x-gnu@1.82.0
272 silly packumentCache full:https://registry.npmjs.org/@oxlint%2fbinding-linux-s390x-gnu cache-miss
273 http fetch GET 200 https://registry.npmjs.org/picomatch 312ms (cache miss)
274 silly packumentCache full:https://registry.npmjs.org/picomatch set size:undefined disposed:false
275 silly fetch manifest @oxlint/binding-win32-ia32-msvc@1.82.0
276 silly packumentCache full:https://registry.npmjs.org/@oxlint%2fbinding-win32-ia32-msvc cache-miss
277 http fetch GET 200 https://registry.npmjs.org/csstype 327ms (cache miss)
278 silly packumentCache full:https://registry.npmjs.org/csstype set size:undefined disposed:false
279 silly fetch manifest @oxlint/binding-android-arm-eabi@1.82.0
280 silly packumentCache full:https://registry.npmjs.org/@oxlint%2fbinding-android-arm-eabi cache-miss
281 http fetch GET 200 https://registry.npmjs.org/@oxlint%2fbinding-darwin-x64 335ms (cache miss)
282 silly packumentCache full:https://registry.npmjs.org/@oxlint%2fbinding-darwin-x64 set size:undefined disposed:false
283 silly fetch manifest @oxlint/binding-linux-arm64-musl@1.82.0
284 silly packumentCache full:https://registry.npmjs.org/@oxlint%2fbinding-linux-arm64-musl cache-miss
285 http fetch GET 200 https://registry.npmjs.org/lightningcss 343ms (cache miss)
286 silly packumentCache full:https://registry.npmjs.org/lightningcss set size:undefined disposed:false
287 silly fetch manifest @oxlint/binding-win32-arm64-msvc@1.82.0
288 silly packumentCache full:https://registry.npmjs.org/@oxlint%2fbinding-win32-arm64-msvc cache-miss
289 http fetch GET 200 https://registry.npmjs.org/@oxlint%2fbinding-darwin-arm64 345ms (cache miss)
290 silly packumentCache full:https://registry.npmjs.org/@oxlint%2fbinding-darwin-arm64 set size:undefined disposed:false
291 silly fetch manifest @oxlint/binding-linux-riscv64-gnu@1.82.0
292 silly packumentCache full:https://registry.npmjs.org/@oxlint%2fbinding-linux-riscv64-gnu cache-miss
293 http fetch GET 200 https://registry.npmjs.org/fsevents 358ms (cache miss)
294 silly packumentCache full:https://registry.npmjs.org/fsevents set size:undefined disposed:false
295 silly fetch manifest @oxlint/binding-openharmony-arm64@1.82.0
296 silly packumentCache full:https://registry.npmjs.org/@oxlint%2fbinding-openharmony-arm64 cache-miss
297 http fetch GET 200 https://registry.npmjs.org/@oxlint%2fbinding-win32-x64-msvc 322ms (cache miss)
298 silly packumentCache full:https://registry.npmjs.org/@oxlint%2fbinding-win32-x64-msvc set size:undefined disposed:false
299 silly fetch manifest @oxlint/binding-linux-riscv64-musl@1.82.0
300 silly packumentCache full:https://registry.npmjs.org/@oxlint%2fbinding-linux-riscv64-musl cache-miss
301 http fetch GET 200 https://registry.npmjs.org/@oxlint%2fbinding-win32-ia32-msvc 98ms (cache miss)
302 silly packumentCache full:https://registry.npmjs.org/@oxlint%2fbinding-win32-ia32-msvc set size:undefined disposed:false
303 silly fetch manifest @oxlint/binding-linux-arm-gnueabihf@1.82.0
304 silly packumentCache full:https://registry.npmjs.org/@oxlint%2fbinding-linux-arm-gnueabihf cache-miss
305 http fetch GET 200 https://registry.npmjs.org/@oxlint%2fbinding-linux-ppc64-gnu 241ms (cache miss)
306 silly packumentCache full:https://registry.npmjs.org/@oxlint%2fbinding-linux-ppc64-gnu set size:undefined disposed:false
307 silly fetch manifest @oxlint/binding-linux-arm-musleabihf@1.82.0
308 silly packumentCache full:https://registry.npmjs.org/@oxlint%2fbinding-linux-arm-musleabihf cache-miss
309 http fetch GET 200 https://registry.npmjs.org/@oxlint%2fbinding-linux-riscv64-gnu 81ms (cache miss)
310 silly packumentCache full:https://registry.npmjs.org/@oxlint%2fbinding-linux-riscv64-gnu set size:undefined disposed:false
311 silly fetch manifest scheduler@^0.27.0
312 silly packumentCache full:https://registry.npmjs.org/scheduler cache-miss
313 http fetch GET 200 https://registry.npmjs.org/@oxlint%2fbinding-linux-riscv64-musl 89ms (cache miss)
314 silly packumentCache full:https://registry.npmjs.org/@oxlint%2fbinding-linux-riscv64-musl set size:undefined disposed:false
315 http fetch GET 200 https://registry.npmjs.org/@oxlint%2fbinding-android-arm64 534ms (cache miss)
316 silly packumentCache full:https://registry.npmjs.org/@oxlint%2fbinding-android-arm64 set size:undefined disposed:false
317 http fetch GET 200 https://registry.npmjs.org/@oxlint%2fbinding-linux-x64-musl 535ms (cache miss)
318 silly packumentCache full:https://registry.npmjs.org/@oxlint%2fbinding-linux-x64-musl set size:undefined disposed:false
319 http fetch GET 200 https://registry.npmjs.org/@oxlint%2fbinding-linux-s390x-gnu 295ms (cache miss)
320 silly packumentCache full:https://registry.npmjs.org/@oxlint%2fbinding-linux-s390x-gnu set size:undefined disposed:false
321 http fetch GET 200 https://registry.npmjs.org/@oxlint%2fbinding-android-arm-eabi 286ms (cache miss)
322 silly packumentCache full:https://registry.npmjs.org/@oxlint%2fbinding-android-arm-eabi set size:undefined disposed:false
323 http fetch GET 200 https://registry.npmjs.org/@oxlint%2fbinding-linux-arm64-musl 295ms (cache miss)
324 silly packumentCache full:https://registry.npmjs.org/@oxlint%2fbinding-linux-arm64-musl set size:undefined disposed:false
325 http fetch GET 200 https://registry.npmjs.org/@rolldown%2fpluginutils 658ms (cache miss)
326 silly packumentCache full:https://registry.npmjs.org/@rolldown%2fpluginutils set size:undefined disposed:false
327 http fetch GET 200 https://registry.npmjs.org/@oxlint%2fbinding-openharmony-arm64 313ms (cache miss)
328 silly packumentCache full:https://registry.npmjs.org/@oxlint%2fbinding-openharmony-arm64 set size:undefined disposed:false
329 http fetch GET 200 https://registry.npmjs.org/@oxlint%2fbinding-win32-arm64-msvc 330ms (cache miss)
330 silly packumentCache full:https://registry.npmjs.org/@oxlint%2fbinding-win32-arm64-msvc set size:undefined disposed:false
331 http fetch GET 200 https://registry.npmjs.org/@oxlint%2fbinding-linux-arm-gnueabihf 299ms (cache miss)
332 silly packumentCache full:https://registry.npmjs.org/@oxlint%2fbinding-linux-arm-gnueabihf set size:undefined disposed:false
333 http fetch GET 200 https://registry.npmjs.org/scheduler 321ms (cache miss)
334 silly packumentCache full:https://registry.npmjs.org/scheduler set size:undefined disposed:false
335 http fetch GET 200 https://registry.npmjs.org/@oxlint%2fbinding-linux-arm-musleabihf 367ms (cache miss)
336 silly packumentCache full:https://registry.npmjs.org/@oxlint%2fbinding-linux-arm-musleabihf set size:undefined disposed:false
337 http fetch GET 200 https://registry.npmjs.org/@oxlint%2fbinding-linux-x64-gnu 938ms (cache miss)
338 silly packumentCache full:https://registry.npmjs.org/@oxlint%2fbinding-linux-x64-gnu set size:undefined disposed:false
339 http fetch GET 200 https://registry.npmjs.org/@oxlint%2fbinding-freebsd-x64 942ms (cache miss)
340 silly packumentCache full:https://registry.npmjs.org/@oxlint%2fbinding-freebsd-x64 set size:undefined disposed:false
341 http fetch GET 200 https://registry.npmjs.org/@oxlint%2fbinding-linux-arm64-gnu 835ms (cache miss)
342 silly packumentCache full:https://registry.npmjs.org/@oxlint%2fbinding-linux-arm64-gnu set size:undefined disposed:false
343 silly placeDep ROOT undici-types@7.18.2 OK for: @types/node@24.13.3 want: ~7.18.0
344 silly placeDep ROOT csstype@3.2.3 OK for: @types/react@19.2.18 want: ^3.2.2
345 silly placeDep ROOT @rolldown/pluginutils@1.0.1 OK for: @vitejs/plugin-react@6.1.1 want: ^1.0.1
346 silly placeDep ROOT @oxlint/binding-android-arm-eabi@1.82.0 OK for: oxlint@1.82.0 want: 1.82.0
347 silly placeDep ROOT @oxlint/binding-android-arm64@1.82.0 OK for: oxlint@1.82.0 want: 1.82.0
348 silly placeDep ROOT @oxlint/binding-darwin-arm64@1.82.0 OK for: oxlint@1.82.0 want: 1.82.0
349 silly placeDep ROOT @oxlint/binding-darwin-x64@1.82.0 OK for: oxlint@1.82.0 want: 1.82.0
350 silly placeDep ROOT @oxlint/binding-freebsd-x64@1.82.0 OK for: oxlint@1.82.0 want: 1.82.0
351 silly placeDep ROOT @oxlint/binding-linux-arm-gnueabihf@1.82.0 OK for: oxlint@1.82.0 want: 1.82.0
352 silly placeDep ROOT @oxlint/binding-linux-arm-musleabihf@1.82.0 OK for: oxlint@1.82.0 want: 1.82.0
353 silly placeDep ROOT @oxlint/binding-linux-arm64-gnu@1.82.0 OK for: oxlint@1.82.0 want: 1.82.0
354 silly placeDep ROOT @oxlint/binding-linux-arm64-musl@1.82.0 OK for: oxlint@1.82.0 want: 1.82.0
355 silly placeDep ROOT @oxlint/binding-linux-ppc64-gnu@1.82.0 OK for: oxlint@1.82.0 want: 1.82.0
356 silly placeDep ROOT @oxlint/binding-linux-riscv64-gnu@1.82.0 OK for: oxlint@1.82.0 want: 1.82.0
357 silly placeDep ROOT @oxlint/binding-linux-riscv64-musl@1.82.0 OK for: oxlint@1.82.0 want: 1.82.0
358 silly placeDep ROOT @oxlint/binding-linux-s390x-gnu@1.82.0 OK for: oxlint@1.82.0 want: 1.82.0
359 silly placeDep ROOT @oxlint/binding-linux-x64-gnu@1.82.0 OK for: oxlint@1.82.0 want: 1.82.0
360 silly placeDep ROOT @oxlint/binding-linux-x64-musl@1.82.0 OK for: oxlint@1.82.0 want: 1.82.0
361 silly placeDep ROOT @oxlint/binding-openharmony-arm64@1.82.0 OK for: oxlint@1.82.0 want: 1.82.0
362 silly placeDep ROOT @oxlint/binding-win32-arm64-msvc@1.82.0 OK for: oxlint@1.82.0 want: 1.82.0
363 silly placeDep ROOT @oxlint/binding-win32-ia32-msvc@1.82.0 OK for: oxlint@1.82.0 want: 1.82.0
364 silly placeDep ROOT @oxlint/binding-win32-x64-msvc@1.82.0 OK for: oxlint@1.82.0 want: 1.82.0
365 silly placeDep ROOT scheduler@0.27.0 OK for: react-dom@19.2.8 want: ^0.27.0
366 silly placeDep ROOT fsevents@2.3.3 OK for: vite@8.2.2 want: ~2.3.3
367 silly placeDep ROOT lightningcss@1.33.0 OK for: vite@8.2.2 want: ^1.33.0
368 silly placeDep ROOT picomatch@4.0.7 OK for: vite@8.2.2 want: ^4.0.5
369 silly placeDep ROOT postcss@8.5.28 OK for: vite@8.2.2 want: ^8.5.26
370 silly placeDep ROOT rolldown@1.2.7 OK for: vite@8.2.2 want: ~1.2.4
371 silly placeDep ROOT tinyglobby@0.2.17 OK for: vite@8.2.2 want: ^0.2.17
372 silly fetch manifest detect-libc@^2.0.3
373 silly packumentCache full:https://registry.npmjs.org/detect-libc cache-miss
374 silly fetch manifest lightningcss-darwin-x64@1.33.0
375 silly packumentCache full:https://registry.npmjs.org/lightningcss-darwin-x64 cache-miss
376 silly fetch manifest lightningcss-linux-x64-gnu@1.33.0
377 silly packumentCache full:https://registry.npmjs.org/lightningcss-linux-x64-gnu cache-miss
378 silly fetch manifest lightningcss-win32-x64-msvc@1.33.0
379 silly packumentCache full:https://registry.npmjs.org/lightningcss-win32-x64-msvc cache-miss
380 silly fetch manifest lightningcss-win32-arm64-msvc@1.33.0
381 silly packumentCache full:https://registry.npmjs.org/lightningcss-win32-arm64-msvc cache-miss
382 silly fetch manifest lightningcss-darwin-arm64@1.33.0
383 silly packumentCache full:https://registry.npmjs.org/lightningcss-darwin-arm64 cache-miss
384 silly fetch manifest lightningcss-linux-arm64-gnu@1.33.0
385 silly packumentCache full:https://registry.npmjs.org/lightningcss-linux-arm64-gnu cache-miss
386 silly fetch manifest lightningcss-linux-arm-gnueabihf@1.33.0
387 silly packumentCache full:https://registry.npmjs.org/lightningcss-linux-arm-gnueabihf cache-miss
388 silly fetch manifest lightningcss-linux-arm64-musl@1.33.0
389 silly packumentCache full:https://registry.npmjs.org/lightningcss-linux-arm64-musl cache-miss
390 silly fetch manifest lightningcss-linux-x64-musl@1.33.0
391 silly packumentCache full:https://registry.npmjs.org/lightningcss-linux-x64-musl cache-miss
392 silly fetch manifest lightningcss-freebsd-x64@1.33.0
393 silly packumentCache full:https://registry.npmjs.org/lightningcss-freebsd-x64 cache-miss
394 silly fetch manifest lightningcss-android-arm64@1.33.0
395 silly packumentCache full:https://registry.npmjs.org/lightningcss-android-arm64 cache-miss
396 silly fetch manifest nanoid@^3.3.18
397 silly packumentCache full:https://registry.npmjs.org/nanoid cache-miss
398 silly fetch manifest picocolors@^1.1.1
399 silly packumentCache full:https://registry.npmjs.org/picocolors cache-miss
400 silly fetch manifest source-map-js@^1.2.1
401 silly packumentCache full:https://registry.npmjs.org/source-map-js cache-miss
402 http fetch GET 200 https://registry.npmjs.org/lightningcss-linux-arm64-musl 177ms (cache miss)
403 silly packumentCache full:https://registry.npmjs.org/lightningcss-linux-arm64-musl set size:undefined disposed:false
404 silly fetch manifest @oxc-project/types@=0.148.0
405 silly packumentCache full:https://registry.npmjs.org/@oxc-project%2ftypes cache-miss
406 http fetch GET 200 https://registry.npmjs.org/lightningcss-android-arm64 273ms (cache miss)
407 silly packumentCache full:https://registry.npmjs.org/lightningcss-android-arm64 set size:undefined disposed:false
408 silly fetch manifest @rolldown/binding-darwin-x64@1.2.7
409 silly packumentCache full:https://registry.npmjs.org/@rolldown%2fbinding-darwin-x64 cache-miss
410 http fetch GET 200 https://registry.npmjs.org/lightningcss-win32-arm64-msvc 282ms (cache miss)
411 silly packumentCache full:https://registry.npmjs.org/lightningcss-win32-arm64-msvc set size:undefined disposed:false
412 silly fetch manifest @rolldown/binding-freebsd-x64@1.2.7
413 silly packumentCache full:https://registry.npmjs.org/@rolldown%2fbinding-freebsd-x64 cache-miss
414 http fetch GET 200 https://registry.npmjs.org/lightningcss-linux-x64-musl 283ms (cache miss)
415 silly packumentCache full:https://registry.npmjs.org/lightningcss-linux-x64-musl set size:undefined disposed:false
416 silly fetch manifest @rolldown/binding-darwin-arm64@1.2.7
417 silly packumentCache full:https://registry.npmjs.org/@rolldown%2fbinding-darwin-arm64 cache-miss
418 http fetch GET 200 https://registry.npmjs.org/detect-libc 292ms (cache miss)
419 silly packumentCache full:https://registry.npmjs.org/detect-libc set size:undefined disposed:false
420 silly fetch manifest @rolldown/binding-android-arm64@1.2.7
421 silly packumentCache full:https://registry.npmjs.org/@rolldown%2fbinding-android-arm64 cache-miss
422 http fetch GET 200 https://registry.npmjs.org/lightningcss-linux-arm-gnueabihf 292ms (cache miss)
423 silly packumentCache full:https://registry.npmjs.org/lightningcss-linux-arm-gnueabihf set size:undefined disposed:false
424 silly fetch manifest @rolldown/binding-linux-x64-gnu@1.2.7
425 silly packumentCache full:https://registry.npmjs.org/@rolldown%2fbinding-linux-x64-gnu cache-miss
426 http fetch GET 200 https://registry.npmjs.org/lightningcss-darwin-arm64 299ms (cache miss)
427 silly packumentCache full:https://registry.npmjs.org/lightningcss-darwin-arm64 set size:undefined disposed:false
428 silly fetch manifest @rolldown/binding-linux-x64-musl@1.2.7
429 silly packumentCache full:https://registry.npmjs.org/@rolldown%2fbinding-linux-x64-musl cache-miss
430 http fetch GET 200 https://registry.npmjs.org/lightningcss-freebsd-x64 303ms (cache miss)
431 silly packumentCache full:https://registry.npmjs.org/lightningcss-freebsd-x64 set size:undefined disposed:false
432 silly fetch manifest @rolldown/binding-win32-x64-msvc@1.2.7
433 silly packumentCache full:https://registry.npmjs.org/@rolldown%2fbinding-win32-x64-msvc cache-miss
434 http fetch GET 200 https://registry.npmjs.org/lightningcss-win32-x64-msvc 310ms (cache miss)
435 silly packumentCache full:https://registry.npmjs.org/lightningcss-win32-x64-msvc set size:undefined disposed:false
436 silly fetch manifest @rolldown/binding-linux-arm64-gnu@1.2.7
437 silly packumentCache full:https://registry.npmjs.org/@rolldown%2fbinding-linux-arm64-gnu cache-miss
438 http fetch GET 200 https://registry.npmjs.org/lightningcss-darwin-x64 313ms (cache miss)
439 silly packumentCache full:https://registry.npmjs.org/lightningcss-darwin-x64 set size:undefined disposed:false
440 silly fetch manifest @rolldown/binding-linux-ppc64-gnu@1.2.7
441 silly packumentCache full:https://registry.npmjs.org/@rolldown%2fbinding-linux-ppc64-gnu cache-miss
442 http fetch GET 200 https://registry.npmjs.org/lightningcss-linux-arm64-gnu 313ms (cache miss)
443 silly packumentCache full:https://registry.npmjs.org/lightningcss-linux-arm64-gnu set size:undefined disposed:false
444 silly fetch manifest @rolldown/binding-linux-s390x-gnu@1.2.7
445 silly packumentCache full:https://registry.npmjs.org/@rolldown%2fbinding-linux-s390x-gnu cache-miss
446 http fetch GET 200 https://registry.npmjs.org/source-map-js 315ms (cache miss)
447 silly packumentCache full:https://registry.npmjs.org/source-map-js set size:undefined disposed:false
448 silly fetch manifest @rolldown/binding-android-arm-eabi@1.2.7
449 silly packumentCache full:https://registry.npmjs.org/@rolldown%2fbinding-android-arm-eabi cache-miss
450 http fetch GET 200 https://registry.npmjs.org/lightningcss-linux-x64-gnu 322ms (cache miss)
451 silly packumentCache full:https://registry.npmjs.org/lightningcss-linux-x64-gnu set size:undefined disposed:false
452 silly fetch manifest @rolldown/binding-linux-arm64-musl@1.2.7
453 silly packumentCache full:https://registry.npmjs.org/@rolldown%2fbinding-linux-arm64-musl cache-miss
454 http fetch GET 200 https://registry.npmjs.org/picocolors 325ms (cache miss)
455 silly packumentCache full:https://registry.npmjs.org/picocolors set size:undefined disposed:false
456 silly fetch manifest @rolldown/binding-win32-arm64-msvc@1.2.7
457 silly packumentCache full:https://registry.npmjs.org/@rolldown%2fbinding-win32-arm64-msvc cache-miss
458 http fetch GET 200 https://registry.npmjs.org/nanoid 328ms (cache miss)
459 silly packumentCache full:https://registry.npmjs.org/nanoid set size:undefined disposed:false
460 silly fetch manifest @rolldown/binding-openharmony-arm64@1.2.7
461 silly packumentCache full:https://registry.npmjs.org/@rolldown%2fbinding-openharmony-arm64 cache-miss
462 http fetch GET 200 https://registry.npmjs.org/@rolldown%2fbinding-android-arm64 82ms (cache miss)
463 silly packumentCache full:https://registry.npmjs.org/@rolldown%2fbinding-android-arm64 set size:undefined disposed:false
464 silly fetch manifest @rolldown/binding-linux-arm-gnueabihf@1.2.7
465 silly packumentCache full:https://registry.npmjs.org/@rolldown%2fbinding-linux-arm-gnueabihf cache-miss
466 http fetch GET 200 https://registry.npmjs.org/@rolldown%2fbinding-linux-ppc64-gnu 96ms (cache miss)
467 silly packumentCache full:https://registry.npmjs.org/@rolldown%2fbinding-linux-ppc64-gnu set size:undefined disposed:false
468 silly fetch manifest fdir@^6.5.0
469 silly packumentCache full:https://registry.npmjs.org/fdir cache-miss
470 http fetch GET 200 https://registry.npmjs.org/@rolldown%2fbinding-android-arm-eabi 104ms (cache miss)
471 silly packumentCache full:https://registry.npmjs.org/@rolldown%2fbinding-android-arm-eabi set size:undefined disposed:false
472 http fetch GET 200 https://registry.npmjs.org/@rolldown%2fbinding-linux-s390x-gnu 119ms (cache miss)
473 silly packumentCache full:https://registry.npmjs.org/@rolldown%2fbinding-linux-s390x-gnu set size:undefined disposed:false
474 http fetch GET 200 https://registry.npmjs.org/@rolldown%2fbinding-freebsd-x64 172ms (cache miss)
475 silly packumentCache full:https://registry.npmjs.org/@rolldown%2fbinding-freebsd-x64 set size:undefined disposed:false
476 http fetch GET 200 https://registry.npmjs.org/@rolldown%2fbinding-darwin-x64 210ms (cache miss)
477 silly packumentCache full:https://registry.npmjs.org/@rolldown%2fbinding-darwin-x64 set size:undefined disposed:false
478 http fetch GET 200 https://registry.npmjs.org/@rolldown%2fbinding-darwin-arm64 215ms (cache miss)
479 silly packumentCache full:https://registry.npmjs.org/@rolldown%2fbinding-darwin-arm64 set size:undefined disposed:false
480 http fetch GET 200 https://registry.npmjs.org/@rolldown%2fbinding-linux-x64-musl 218ms (cache miss)
481 silly packumentCache full:https://registry.npmjs.org/@rolldown%2fbinding-linux-x64-musl set size:undefined disposed:false
482 http fetch GET 200 https://registry.npmjs.org/@rolldown%2fbinding-linux-arm64-gnu 218ms (cache miss)
483 silly packumentCache full:https://registry.npmjs.org/@rolldown%2fbinding-linux-arm64-gnu set size:undefined disposed:false
484 http fetch GET 200 https://registry.npmjs.org/fdir 129ms (cache miss)
485 silly packumentCache full:https://registry.npmjs.org/fdir set size:undefined disposed:false
486 http fetch GET 200 https://registry.npmjs.org/@rolldown%2fbinding-linux-x64-gnu 248ms (cache miss)
487 silly packumentCache full:https://registry.npmjs.org/@rolldown%2fbinding-linux-x64-gnu set size:undefined disposed:false
488 http fetch GET 200 https://registry.npmjs.org/@rolldown%2fbinding-win32-x64-msvc 250ms (cache miss)
489 silly packumentCache full:https://registry.npmjs.org/@rolldown%2fbinding-win32-x64-msvc set size:undefined disposed:false
490 http fetch GET 200 https://registry.npmjs.org/@rolldown%2fbinding-linux-arm-gnueabihf 197ms (cache miss)
491 silly packumentCache full:https://registry.npmjs.org/@rolldown%2fbinding-linux-arm-gnueabihf set size:undefined disposed:false
492 http fetch GET 200 https://registry.npmjs.org/@rolldown%2fbinding-openharmony-arm64 293ms (cache miss)
493 silly packumentCache full:https://registry.npmjs.org/@rolldown%2fbinding-openharmony-arm64 set size:undefined disposed:false
494 http fetch GET 200 https://registry.npmjs.org/@oxc-project%2ftypes 489ms (cache miss)
495 silly packumentCache full:https://registry.npmjs.org/@oxc-project%2ftypes set size:undefined disposed:false
496 http fetch GET 200 https://registry.npmjs.org/@rolldown%2fbinding-linux-arm64-musl 352ms (cache miss)
497 silly packumentCache full:https://registry.npmjs.org/@rolldown%2fbinding-linux-arm64-musl set size:undefined disposed:false
498 http fetch GET 200 https://registry.npmjs.org/@rolldown%2fbinding-win32-arm64-msvc 353ms (cache miss)
499 silly packumentCache full:https://registry.npmjs.org/@rolldown%2fbinding-win32-arm64-msvc set size:undefined disposed:false
500 silly placeDep ROOT detect-libc@2.1.2 OK for: lightningcss@1.33.0 want: ^2.0.3
501 silly placeDep ROOT lightningcss-android-arm64@1.33.0 OK for: lightningcss@1.33.0 want: 1.33.0
502 silly placeDep ROOT lightningcss-darwin-arm64@1.33.0 OK for: lightningcss@1.33.0 want: 1.33.0
503 silly placeDep ROOT lightningcss-darwin-x64@1.33.0 OK for: lightningcss@1.33.0 want: 1.33.0
504 silly placeDep ROOT lightningcss-freebsd-x64@1.33.0 OK for: lightningcss@1.33.0 want: 1.33.0
505 silly placeDep ROOT lightningcss-linux-arm-gnueabihf@1.33.0 OK for: lightningcss@1.33.0 want: 1.33.0
506 silly placeDep ROOT lightningcss-linux-arm64-gnu@1.33.0 OK for: lightningcss@1.33.0 want: 1.33.0
507 silly placeDep ROOT lightningcss-linux-arm64-musl@1.33.0 OK for: lightningcss@1.33.0 want: 1.33.0
508 silly placeDep ROOT lightningcss-linux-x64-gnu@1.33.0 OK for: lightningcss@1.33.0 want: 1.33.0
509 silly placeDep ROOT lightningcss-linux-x64-musl@1.33.0 OK for: lightningcss@1.33.0 want: 1.33.0
510 silly placeDep ROOT lightningcss-win32-arm64-msvc@1.33.0 OK for: lightningcss@1.33.0 want: 1.33.0
511 silly placeDep ROOT lightningcss-win32-x64-msvc@1.33.0 OK for: lightningcss@1.33.0 want: 1.33.0
512 silly placeDep ROOT nanoid@3.3.18 OK for: postcss@8.5.28 want: ^3.3.18
513 silly placeDep ROOT picocolors@1.1.1 OK for: postcss@8.5.28 want: ^1.1.1
514 silly placeDep ROOT source-map-js@1.2.1 OK for: postcss@8.5.28 want: ^1.2.1
515 silly placeDep ROOT @oxc-project/types@0.148.0 OK for: rolldown@1.2.7 want: =0.148.0
516 silly placeDep ROOT @rolldown/binding-android-arm-eabi@1.2.7 OK for: rolldown@1.2.7 want: 1.2.7
517 silly placeDep ROOT @rolldown/binding-android-arm64@1.2.7 OK for: rolldown@1.2.7 want: 1.2.7
518 silly placeDep ROOT @rolldown/binding-darwin-arm64@1.2.7 OK for: rolldown@1.2.7 want: 1.2.7
519 silly placeDep ROOT @rolldown/binding-darwin-x64@1.2.7 OK for: rolldown@1.2.7 want: 1.2.7
520 silly placeDep ROOT @rolldown/binding-freebsd-x64@1.2.7 OK for: rolldown@1.2.7 want: 1.2.7
521 silly placeDep ROOT @rolldown/binding-linux-arm-gnueabihf@1.2.7 OK for: rolldown@1.2.7 want: 1.2.7
522 silly placeDep ROOT @rolldown/binding-linux-arm64-gnu@1.2.7 OK for: rolldown@1.2.7 want: 1.2.7
523 silly placeDep ROOT @rolldown/binding-linux-arm64-musl@1.2.7 OK for: rolldown@1.2.7 want: 1.2.7
524 silly placeDep ROOT @rolldown/binding-linux-ppc64-gnu@1.2.7 OK for: rolldown@1.2.7 want: 1.2.7
525 silly placeDep ROOT @rolldown/binding-linux-s390x-gnu@1.2.7 OK for: rolldown@1.2.7 want: 1.2.7
526 silly placeDep ROOT @rolldown/binding-linux-x64-gnu@1.2.7 OK for: rolldown@1.2.7 want: 1.2.7
527 silly placeDep ROOT @rolldown/binding-linux-x64-musl@1.2.7 OK for: rolldown@1.2.7 want: 1.2.7
528 silly placeDep ROOT @rolldown/binding-openharmony-arm64@1.2.7 OK for: rolldown@1.2.7 want: 1.2.7
529 silly placeDep ROOT @rolldown/binding-win32-arm64-msvc@1.2.7 OK for: rolldown@1.2.7 want: 1.2.7
530 silly placeDep ROOT @rolldown/binding-win32-x64-msvc@1.2.7 OK for: rolldown@1.2.7 want: 1.2.7
531 silly fetch manifest picomatch@^4.0.4
532 silly packumentCache full:https://registry.npmjs.org/picomatch cache-miss
533 http cache https://registry.npmjs.org/picomatch 16ms (cache hit)
534 silly packumentCache full:https://registry.npmjs.org/picomatch set size:134451 disposed:false
535 silly placeDep ROOT fdir@6.5.0 OK for: tinyglobby@0.2.17 want: ^6.5.0
536 silly reify moves {}
537 silly audit bulk request {
537 silly audit   '@types/node': [ '24.13.3' ],
537 silly audit   '@types/react': [ '19.2.18' ],
537 silly audit   '@types/react-dom': [ '19.2.7' ],
537 silly audit   '@vitejs/plugin-react': [ '6.1.1' ],
537 silly audit   vite: [ '8.2.2' ],
537 silly audit   oxlint: [ '1.82.0' ],
537 silly audit   react: [ '19.2.8' ],
537 silly audit   'react-dom': [ '19.2.8' ],
537 silly audit   typescript: [ '6.0.3' ],
537 silly audit   'undici-types': [ '7.18.2' ],
537 silly audit   csstype: [ '3.2.3' ],
537 silly audit   '@rolldown/pluginutils': [ '1.0.1' ],
537 silly audit   '@oxlint/binding-android-arm-eabi': [ '1.82.0' ],
537 silly audit   '@oxlint/binding-android-arm64': [ '1.82.0' ],
537 silly audit   '@oxlint/binding-darwin-arm64': [ '1.82.0' ],
537 silly audit   '@oxlint/binding-darwin-x64': [ '1.82.0' ],
537 silly audit   '@oxlint/binding-freebsd-x64': [ '1.82.0' ],
537 silly audit   '@oxlint/binding-linux-arm-gnueabihf': [ '1.82.0' ],
537 silly audit   '@oxlint/binding-linux-arm-musleabihf': [ '1.82.0' ],
537 silly audit   '@oxlint/binding-linux-arm64-gnu': [ '1.82.0' ],
537 silly audit   '@oxlint/binding-linux-arm64-musl': [ '1.82.0' ],
537 silly audit   '@oxlint/binding-linux-ppc64-gnu': [ '1.82.0' ],
537 silly audit   '@oxlint/binding-linux-riscv64-gnu': [ '1.82.0' ],
537 silly audit   '@oxlint/binding-linux-riscv64-musl': [ '1.82.0' ],
537 silly audit   '@oxlint/binding-linux-s390x-gnu': [ '1.82.0' ],
537 silly audit   '@oxlint/binding-linux-x64-gnu': [ '1.82.0' ],
537 silly audit   '@oxlint/binding-linux-x64-musl': [ '1.82.0' ],
537 silly audit   '@oxlint/binding-openharmony-arm64': [ '1.82.0' ],
537 silly audit   '@oxlint/binding-win32-arm64-msvc': [ '1.82.0' ],
537 silly audit   '@oxlint/binding-win32-ia32-msvc': [ '1.82.0' ],
537 silly audit   '@oxlint/binding-win32-x64-msvc': [ '1.82.0' ],
537 silly audit   scheduler: [ '0.27.0' ],
537 silly audit   fsevents: [ '2.3.3' ],
537 silly audit   lightningcss: [ '1.33.0' ],
537 silly audit   picomatch: [ '4.0.7' ],
537 silly audit   postcss: [ '8.5.28' ],
537 silly audit   rolldown: [ '1.2.7' ],
537 silly audit   tinyglobby: [ '0.2.17' ],
537 silly audit   'detect-libc': [ '2.1.2' ],
537 silly audit   'lightningcss-android-arm64': [ '1.33.0' ],
537 silly audit   'lightningcss-darwin-arm64': [ '1.33.0' ],
537 silly audit   'lightningcss-darwin-x64': [ '1.33.0' ],
537 silly audit   'lightningcss-freebsd-x64': [ '1.33.0' ],
537 silly audit   'lightningcss-linux-arm-gnueabihf': [ '1.33.0' ],
537 silly audit   'lightningcss-linux-arm64-gnu': [ '1.33.0' ],
537 silly audit   'lightningcss-linux-arm64-musl': [ '1.33.0' ],
537 silly audit   'lightningcss-linux-x64-gnu': [ '1.33.0' ],
537 silly audit   'lightningcss-linux-x64-musl': [ '1.33.0' ],
537 silly audit   'lightningcss-win32-arm64-msvc': [ '1.33.0' ],
537 silly audit   'lightningcss-win32-x64-msvc': [ '1.33.0' ],
537 silly audit   nanoid: [ '3.3.18' ],
537 silly audit   picocolors: [ '1.1.1' ],
537 silly audit   'source-map-js': [ '1.2.1' ],
537 silly audit   '@oxc-project/types': [ '0.148.0' ],
537 silly audit   '@rolldown/binding-android-arm-eabi': [ '1.2.7' ],
537 silly audit   '@rolldown/binding-android-arm64': [ '1.2.7' ],
537 silly audit   '@rolldown/binding-darwin-arm64': [ '1.2.7' ],
537 silly audit   '@rolldown/binding-darwin-x64': [ '1.2.7' ],
537 silly audit   '@rolldown/binding-freebsd-x64': [ '1.2.7' ],
537 silly audit   '@rolldown/binding-linux-arm-gnueabihf': [ '1.2.7' ],
537 silly audit   '@rolldown/binding-linux-arm64-gnu': [ '1.2.7' ],
537 silly audit   '@rolldown/binding-linux-arm64-musl': [ '1.2.7' ],
537 silly audit   '@rolldown/binding-linux-ppc64-gnu': [ '1.2.7' ],
537 silly audit   '@rolldown/binding-linux-s390x-gnu': [ '1.2.7' ],
537 silly audit   '@rolldown/binding-linux-x64-gnu': [ '1.2.7' ],
537 silly audit   '@rolldown/binding-linux-x64-musl': [ '1.2.7' ],
537 silly audit   '@rolldown/binding-openharmony-arm64': [ '1.2.7' ],
537 silly audit   '@rolldown/binding-win32-arm64-msvc': [ '1.2.7' ],
537 silly audit   '@rolldown/binding-win32-x64-msvc': [ '1.2.7' ],
537 silly audit   fdir: [ '6.5.0' ]
537 silly audit }
538 http cache fdir@https://registry.npmjs.org/fdir/-/fdir-6.5.0.tgz 0ms (cache hit)
539 http cache @rolldown/binding-win32-x64-msvc@https://registry.npmjs.org/@rolldown/binding-win32-x64-msvc/-/binding-win32-x64-msvc-1.2.7.tgz 0ms (cache hit)
540 http cache source-map-js@https://registry.npmjs.org/source-map-js/-/source-map-js-1.2.1.tgz 0ms (cache hit)
541 http cache @oxc-project/types@https://registry.npmjs.org/@oxc-project/types/-/types-0.148.0.tgz 0ms (cache hit)
542 http cache lightningcss-win32-x64-msvc@https://registry.npmjs.org/lightningcss-win32-x64-msvc/-/lightningcss-win32-x64-msvc-1.33.0.tgz 0ms (cache hit)
543 http cache nanoid@https://registry.npmjs.org/nanoid/-/nanoid-3.3.18.tgz 0ms (cache hit)
544 http cache picocolors@https://registry.npmjs.org/picocolors/-/picocolors-1.1.1.tgz 0ms (cache hit)
545 http cache detect-libc@https://registry.npmjs.org/detect-libc/-/detect-libc-2.1.2.tgz 0ms (cache hit)
546 http cache tinyglobby@https://registry.npmjs.org/tinyglobby/-/tinyglobby-0.2.17.tgz 0ms (cache hit)
547 http cache rolldown@https://registry.npmjs.org/rolldown/-/rolldown-1.2.7.tgz 0ms (cache hit)
548 http cache @oxlint/binding-win32-x64-msvc@https://registry.npmjs.org/@oxlint/binding-win32-x64-msvc/-/binding-win32-x64-msvc-1.82.0.tgz 0ms (cache hit)
549 http cache picomatch@https://registry.npmjs.org/picomatch/-/picomatch-4.0.7.tgz 0ms (cache hit)
550 http cache postcss@https://registry.npmjs.org/postcss/-/postcss-8.5.28.tgz 0ms (cache hit)
551 http cache lightningcss@https://registry.npmjs.org/lightningcss/-/lightningcss-1.33.0.tgz 0ms (cache hit)
552 http cache scheduler@https://registry.npmjs.org/scheduler/-/scheduler-0.27.0.tgz 0ms (cache hit)
553 http cache @rolldown/pluginutils@https://registry.npmjs.org/@rolldown/pluginutils/-/pluginutils-1.0.1.tgz 0ms (cache hit)
554 http cache react-dom@https://registry.npmjs.org/react-dom/-/react-dom-19.2.8.tgz 0ms (cache hit)
555 http cache csstype@https://registry.npmjs.org/csstype/-/csstype-3.2.3.tgz 0ms (cache hit)
556 http cache undici-types@https://registry.npmjs.org/undici-types/-/undici-types-7.18.2.tgz 0ms (cache hit)
557 http cache typescript@https://registry.npmjs.org/typescript/-/typescript-6.0.3.tgz 0ms (cache hit)
558 http cache @types/react-dom@https://registry.npmjs.org/@types/react-dom/-/react-dom-19.2.7.tgz 0ms (cache hit)
559 http cache @vitejs/plugin-react@https://registry.npmjs.org/@vitejs/plugin-react/-/plugin-react-6.1.1.tgz 0ms (cache hit)
560 http cache react@https://registry.npmjs.org/react/-/react-19.2.8.tgz 0ms (cache hit)
561 http cache vite@https://registry.npmjs.org/vite/-/vite-8.2.2.tgz 0ms (cache hit)
562 http cache oxlint@https://registry.npmjs.org/oxlint/-/oxlint-1.82.0.tgz 0ms (cache hit)
563 http cache @types/react@https://registry.npmjs.org/@types/react/-/react-19.2.18.tgz 0ms (cache hit)
564 http cache @types/node@https://registry.npmjs.org/@types/node/-/node-24.13.3.tgz 1ms (cache hit)
565 silly tarball no local data for fdir@https://registry.npmjs.org/fdir/-/fdir-6.5.0.tgz. Extracting by manifest.
566 silly tarball no local data for @rolldown/binding-win32-x64-msvc@https://registry.npmjs.org/@rolldown/binding-win32-x64-msvc/-/binding-win32-x64-msvc-1.2.7.tgz. Extracting by manifest.
567 silly tarball no local data for source-map-js@https://registry.npmjs.org/source-map-js/-/source-map-js-1.2.1.tgz. Extracting by manifest.
568 silly tarball no local data for @oxc-project/types@https://registry.npmjs.org/@oxc-project/types/-/types-0.148.0.tgz. Extracting by manifest.
569 silly tarball no local data for lightningcss-win32-x64-msvc@https://registry.npmjs.org/lightningcss-win32-x64-msvc/-/lightningcss-win32-x64-msvc-1.33.0.tgz. Extracting by manifest.
570 silly tarball no local data for nanoid@https://registry.npmjs.org/nanoid/-/nanoid-3.3.18.tgz. Extracting by manifest.
571 silly tarball no local data for picocolors@https://registry.npmjs.org/picocolors/-/picocolors-1.1.1.tgz. Extracting by manifest.
572 silly tarball no local data for detect-libc@https://registry.npmjs.org/detect-libc/-/detect-libc-2.1.2.tgz. Extracting by manifest.
573 silly tarball no local data for tinyglobby@https://registry.npmjs.org/tinyglobby/-/tinyglobby-0.2.17.tgz. Extracting by manifest.
574 silly tarball no local data for rolldown@https://registry.npmjs.org/rolldown/-/rolldown-1.2.7.tgz. Extracting by manifest.
575 silly tarball no local data for @oxlint/binding-win32-x64-msvc@https://registry.npmjs.org/@oxlint/binding-win32-x64-msvc/-/binding-win32-x64-msvc-1.82.0.tgz. Extracting by manifest.
576 silly tarball no local data for picomatch@https://registry.npmjs.org/picomatch/-/picomatch-4.0.7.tgz. Extracting by manifest.
577 silly tarball no local data for postcss@https://registry.npmjs.org/postcss/-/postcss-8.5.28.tgz. Extracting by manifest.
578 silly tarball no local data for lightningcss@https://registry.npmjs.org/lightningcss/-/lightningcss-1.33.0.tgz. Extracting by manifest.
579 silly tarball no local data for scheduler@https://registry.npmjs.org/scheduler/-/scheduler-0.27.0.tgz. Extracting by manifest.
580 silly tarball no local data for @rolldown/pluginutils@https://registry.npmjs.org/@rolldown/pluginutils/-/pluginutils-1.0.1.tgz. Extracting by manifest.
581 silly tarball no local data for react-dom@https://registry.npmjs.org/react-dom/-/react-dom-19.2.8.tgz. Extracting by manifest.
582 silly tarball no local data for csstype@https://registry.npmjs.org/csstype/-/csstype-3.2.3.tgz. Extracting by manifest.
583 silly tarball no local data for undici-types@https://registry.npmjs.org/undici-types/-/undici-types-7.18.2.tgz. Extracting by manifest.
584 silly tarball no local data for typescript@https://registry.npmjs.org/typescript/-/typescript-6.0.3.tgz. Extracting by manifest.
585 silly tarball no local data for @types/react-dom@https://registry.npmjs.org/@types/react-dom/-/react-dom-19.2.7.tgz. Extracting by manifest.
586 silly tarball no local data for @vitejs/plugin-react@https://registry.npmjs.org/@vitejs/plugin-react/-/plugin-react-6.1.1.tgz. Extracting by manifest.
587 silly tarball no local data for react@https://registry.npmjs.org/react/-/react-19.2.8.tgz. Extracting by manifest.
588 silly tarball no local data for vite@https://registry.npmjs.org/vite/-/vite-8.2.2.tgz. Extracting by manifest.
589 silly tarball no local data for oxlint@https://registry.npmjs.org/oxlint/-/oxlint-1.82.0.tgz. Extracting by manifest.
590 silly tarball no local data for @types/react@https://registry.npmjs.org/@types/react/-/react-19.2.18.tgz. Extracting by manifest.
591 silly tarball no local data for @types/node@https://registry.npmjs.org/@types/node/-/node-24.13.3.tgz. Extracting by manifest.
592 http fetch GET 200 https://registry.npmjs.org/nanoid/-/nanoid-3.3.18.tgz 287ms (cache miss)
593 http fetch GET 200 https://registry.npmjs.org/picocolors/-/picocolors-1.1.1.tgz 310ms (cache miss)
594 http fetch GET 200 https://registry.npmjs.org/tinyglobby/-/tinyglobby-0.2.17.tgz 312ms (cache miss)
595 http fetch POST 200 https://registry.npmjs.org/-/npm/v1/security/advisories/bulk 356ms
596 silly audit report {}
597 http fetch GET 200 https://registry.npmjs.org/@oxc-project/types/-/types-0.148.0.tgz 333ms (cache miss)
598 http fetch GET 200 https://registry.npmjs.org/@types/react-dom/-/react-dom-19.2.7.tgz 339ms (cache miss)
599 http fetch GET 200 https://registry.npmjs.org/scheduler/-/scheduler-0.27.0.tgz 345ms (cache miss)
600 http fetch GET 200 https://registry.npmjs.org/fdir/-/fdir-6.5.0.tgz 417ms (cache miss)
601 http fetch GET 200 https://registry.npmjs.org/detect-libc/-/detect-libc-2.1.2.tgz 423ms (cache miss)
602 http fetch GET 200 https://registry.npmjs.org/@vitejs/plugin-react/-/plugin-react-6.1.1.tgz 432ms (cache miss)
603 http fetch GET 200 https://registry.npmjs.org/@rolldown/pluginutils/-/pluginutils-1.0.1.tgz 455ms (cache miss)
604 http fetch GET 200 https://registry.npmjs.org/picomatch/-/picomatch-4.0.7.tgz 470ms (cache miss)
605 http fetch GET 200 https://registry.npmjs.org/csstype/-/csstype-3.2.3.tgz 568ms (cache miss)
606 http fetch GET 200 https://registry.npmjs.org/source-map-js/-/source-map-js-1.2.1.tgz 588ms (cache miss)
607 http fetch GET 200 https://registry.npmjs.org/lightningcss/-/lightningcss-1.33.0.tgz 616ms (cache miss)
608 http fetch GET 200 https://registry.npmjs.org/@types/react/-/react-19.2.18.tgz 693ms (cache miss)
609 http fetch GET 200 https://registry.npmjs.org/react/-/react-19.2.8.tgz 717ms (cache miss)
610 http fetch GET 200 https://registry.npmjs.org/undici-types/-/undici-types-7.18.2.tgz 771ms (cache miss)
611 http fetch GET 200 https://registry.npmjs.org/oxlint/-/oxlint-1.82.0.tgz 833ms (cache miss)
612 http fetch GET 200 https://registry.npmjs.org/postcss/-/postcss-8.5.28.tgz 945ms (cache miss)
613 http fetch GET 200 https://registry.npmjs.org/vite/-/vite-8.2.2.tgz 1019ms (cache miss)
614 http fetch GET 200 https://registry.npmjs.org/rolldown/-/rolldown-1.2.7.tgz 1053ms (cache miss)
615 http fetch GET 200 https://registry.npmjs.org/lightningcss-win32-x64-msvc/-/lightningcss-win32-x64-msvc-1.33.0.tgz 1183ms (cache miss)
616 http fetch GET 200 https://registry.npmjs.org/@types/node/-/node-24.13.3.tgz 1180ms (cache miss)
617 http fetch GET 200 https://registry.npmjs.org/react-dom/-/react-dom-19.2.8.tgz 1334ms (cache miss)
618 http fetch GET 200 https://registry.npmjs.org/@oxlint/binding-win32-x64-msvc/-/binding-win32-x64-msvc-1.82.0.tgz 1354ms (cache miss)
619 http fetch GET 200 https://registry.npmjs.org/@rolldown/binding-win32-x64-msvc/-/binding-win32-x64-msvc-1.2.7.tgz 1444ms (cache miss)
620 http fetch GET 200 https://registry.npmjs.org/typescript/-/typescript-6.0.3.tgz 1810ms (cache miss)
621 silly ADD node_modules/fdir
622 silly ADD node_modules/@rolldown/binding-win32-x64-msvc
623 silly ADD node_modules/@oxc-project/types
624 silly ADD node_modules/source-map-js
625 silly ADD node_modules/picocolors
626 silly ADD node_modules/nanoid
627 silly ADD node_modules/lightningcss-win32-x64-msvc
628 silly ADD node_modules/detect-libc
629 silly ADD node_modules/tinyglobby
630 silly ADD node_modules/rolldown
631 silly ADD node_modules/postcss
632 silly ADD node_modules/picomatch
633 silly ADD node_modules/lightningcss
634 silly ADD node_modules/scheduler
635 silly ADD node_modules/@oxlint/binding-win32-x64-msvc
636 silly ADD node_modules/@rolldown/pluginutils
637 silly ADD node_modules/csstype
638 silly ADD node_modules/undici-types
639 silly ADD node_modules/typescript
640 silly ADD node_modules/react-dom
641 silly ADD node_modules/react
642 silly ADD node_modules/oxlint
643 silly ADD node_modules/vite
644 silly ADD node_modules/@vitejs/plugin-react
645 silly ADD node_modules/@types/react-dom
646 silly ADD node_modules/@types/react
647 silly ADD node_modules/@types/node
648 verbose cwd D:\LOGPARSER\ulpf-ui
649 verbose os Windows_NT 10.0.26200
650 verbose node v25.6.1
651 verbose npm  v11.19.1
652 verbose exit 0
653 info ok
